../Core/Src/main.c:86:5:__io_putchar	16	static
../Core/Src/main.c:92:5:__io_getchar	8	static
../Core/Src/main.c:97:6:HAL_UART_RxCpltCallback	16	static
../Core/Src/main.c:101:6:HAL_UART_TxCpltCallback	16	static
../Core/Src/main.c:110:5:main	8	static
../Core/Src/main.c:198:6:SystemClock_Config	96	static
../Core/Src/main.c:246:13:MX_RTC_Init	8	static
../Core/Src/main.c:277:13:MX_USART1_UART_Init	8	static
../Core/Src/main.c:308:13:MX_DMA_Init	16	static
../Core/Src/main.c:329:13:MX_GPIO_Init	32	static
../Core/Src/main.c:364:6:StartDefaultTask	16	static
../Core/Src/main.c:382:6:StartTask02	24	static
../Core/Src/main.c:404:6:HAL_TIM_PeriodElapsedCallback	16	static
../Core/Src/main.c:421:6:Error_Handler	4	static,ignoring_inline_asm
